fxswaps_path: /home/m/dev/curve/on-chain-for-mk/config/fxswaps.json
Loaded 12 pools from fxswaps.json
token0_decimals: 18
token1_decimals: 18
Found 6051 last_prices entries
Found 6051 price_scale entries
Found 6051 price_oracle entries
Found 6051 refuel_shares entries
Found 6051 delta_price entries
Found 6051 balance entries
Found 3956 refuel_release entries
Found 24 refuel reset events
Found 6051 refuel_shares_usd entries
Found 6051 virtual_price entries
Found 6051 totalSupply entries
Found 6051 xcp_profit entries
Full plot: 16.93 days, width: 5604 px (142.3 cm)
Full chart saved to: plots/ethereum/crvUSD_ZCHF_refuel_analysis_all.png (5604 x 1377 px)

Creating 48-hour plot: 2.00 days, width: 662 px (20.0 cm)
48-hour window chart saved to: plots/ethereum/crvUSD_ZCHF_refuel_analysis_2d.png (787 x 1377 px)

=== Summary Statistics ===

Last Prices (USD):
  Min: $1.23
  Max: $1.26
  Mean: $1.25
  Latest: $1.26

Price Scale (USD):
  Min: $1.24
  Max: $1.26
  Mean: $1.25
  Latest: $1.25

Price Oracle (USD):
  Min: $1.23
  Max: $1.26
  Mean: $1.25
  Latest: $1.26

Delta Price Last to Scale:
  USD - Min: $-0.03
  USD - Max: $0.01
  USD - Mean: $-0.00
  USD - Latest: $0.01
  % - Min: -2.1156%
  % - Max: 1.1171%
  % - Mean: -0.1884%
  % - Latest: 1.1171%

Refule Shares (USD):
  Min: $0.00
  Max: $18.78
  Mean: $8.47
  Latest: $8.25

Refule Shares (raw):
  Total Shares (latest): 3.671185
  Total Shares Used: 4.808639

Refule Releases:
  Number of unique releases detected: 25

=== Refuel Events ===
Total refuel events: 2

Date                 Token Amount         USD Value      
-------------------------------------------------------
2025-11-03 12:43:59  8.390048             $18.78         
2025-11-03 21:55:47  0.089776             $0.20          
-------------------------------------------------------
Total USD Value                           $18.98
fxswaps_path: /home/m/dev/curve/on-chain-for-mk/config/fxswaps.json
Loaded 12 pools from fxswaps.json
Found 6051 donation_shares entries
Found 6051 user_supply entries
Found 6051 totalSupply entries
Found 6051 balance_0 entries
Found 6051 balance_1 entries
Found 6051 last_prices entries
Found 6051 fee entries
Full plot: 16.93 days, width: 5604 px (142.3 cm)
Time range: 2025-10-28 16:01:23 to 2025-11-14 14:19:11
Chart saved to: plots/ethereum/crvUSD_ZCHF_secondary_refuel_analysis.png (5604 x 2362 px)

=== Summary Statistics ===

donation_shares (absolute):
  Min: 0.000000
  Max: 8.390048
  Mean: 3.799205
  Latest: 3.671185

user_supply (absolute):
  Min: 8967.090407
  Max: 8967.090407
  Mean: 8967.090407
  Latest: 8967.090407

totalSupply (absolute):
  Min: 8967.090407
  Max: 8975.480454
  Mean: 8970.889612
  Latest: 8970.761592

balance_0 (USDC) - absolute:
  Min: 7079.77
  Max: 11899.61
  Mean: 9726.98
  Latest: 11899.61

balance_1 (WETH) - absolute:
  Min: 6546.963737
  Max: 10418.010672
  Mean: 8275.063583
  Latest: 6546.963737

USD Values:
  balance_0 (USDC) USD - Min: $7079.77
  balance_0 (USDC) USD - Max: $11899.61
  balance_0 (USDC) USD - Mean: $9726.98
  balance_0 (USDC) USD - Latest: $11899.61
  balance_1 (WETH) USD - Min: $8250.12
  balance_1 (WETH) USD - Max: $12772.36
  balance_1 (WETH) USD - Mean: $10303.47
  balance_1 (WETH) USD - Latest: $8250.12
  Total USD - Min: $19852.13
  Total USD - Max: $20149.72
  Total USD - Mean: $20030.45
  Total USD - Latest: $20149.72

USD Ratio (USDC/WETH):
  Min: 0.5543
  Max: 1.4424
  Mean: 0.9616
  Latest: 1.4424

fee (absolute):
  Min: 0.00000000
  Max: 0.00000000
  Mean: 0.00000000
  Latest: 0.00000000
fxswaps_path: /home/m/dev/curve/on-chain-for-mk/config/fxswaps.json
Loaded 12 pools from fxswaps.json
token0_decimals: 18
token1_decimals: 18
Found 6051 last_prices entries
Found 6051 price_scale entries
Found 6051 price_oracle entries
Found 6051 refuel_shares entries
Found 6051 delta_price entries
Found 6051 balance entries
Found 6051 refuel_release entries
Found 859 refuel reset events
Found 6051 refuel_shares_usd entries
Found 6051 virtual_price entries
Found 6051 totalSupply entries
Found 6051 xcp_profit entries
Full plot: 16.93 days, width: 5604 px (142.3 cm)
Full chart saved to: plots/ethereum/YBcrvUSD_tBTC_refuel_analysis_all.png (5604 x 1377 px)

Creating 48-hour plot: 2.00 days, width: 662 px (20.0 cm)
48-hour window chart saved to: plots/ethereum/YBcrvUSD_tBTC_refuel_analysis_2d.png (787 x 1377 px)

=== Summary Statistics ===

Last Prices (USD):
  Min: $95955.59
  Max: $114554.88
  Mean: $105430.31
  Latest: $95955.59

Price Scale (USD):
  Min: $100786.62
  Max: $114524.88
  Mean: $106879.56
  Latest: $101439.21

Price Oracle (USD):
  Min: $96002.52
  Max: $114554.88
  Mean: $105441.39
  Latest: $96002.52

Delta Price Last to Scale:
  USD - Min: $-7665.74
  USD - Max: $1350.21
  USD - Mean: $-1449.25
  USD - Latest: $-5483.62
  % - Min: -7.1081%
  % - Max: 1.2484%
  % - Mean: -1.3644%
  % - Latest: -5.4058%

Refule Shares (USD):
  Min: $55241.34
  Max: $83031.64
  Mean: $64814.56
  Latest: $69014.71

Refule Shares (raw):
  Total Shares (latest): 109.036139
  Total Shares Used: 181.560057

Refule Releases:
  Number of unique releases detected: 860

=== Refuel Events ===
Total refuel events: 611

Date                 Token Amount         USD Value      
-------------------------------------------------------
2025-10-28 16:33:59  0.679460             $469.03        
2025-10-29 02:28:47  5.886445             $4039.23       
2025-10-29 08:19:23  1.903120             $1305.32       
2025-10-29 09:03:47  0.009380             $6.42          
2025-10-29 09:07:47  0.003233             $2.21          
2025-10-29 10:00:23  0.081623             $55.83         
2025-10-29 11:28:47  0.130301             $89.04         
2025-10-29 11:32:47  0.003303             $2.26          
2025-10-29 11:36:47  0.008430             $5.76          
2025-10-29 11:40:47  0.004534             $3.09          
2025-10-29 12:25:23  0.063397             $43.27         
2025-10-29 12:37:35  0.013979             $9.54          
2025-10-29 12:41:35  0.006221             $4.24          
2025-10-29 12:53:47  0.020808             $14.18         
2025-10-29 12:57:59  0.001951             $1.33          
2025-10-29 13:01:59  0.019211             $13.10         
2025-10-29 13:09:59  0.056097             $38.26         
2025-10-29 13:14:11  0.015571             $10.62         
2025-10-29 13:46:11  0.279389             $190.66        
2025-10-29 18:03:59  2.502720             $1709.83       
2025-10-30 00:06:23  3.533558             $2395.06       
2025-10-30 00:10:23  0.004279             $2.90          
2025-10-30 00:14:35  0.005084             $3.44          
2025-10-30 00:18:35  0.006091             $4.12          
2025-10-30 00:22:35  0.003345             $2.26          
2025-10-30 00:26:35  0.007135             $4.81          
2025-10-30 00:30:35  0.003499             $2.36          
2025-10-30 00:34:35  0.006188             $4.17          
2025-10-30 00:38:35  0.005513             $3.71          
2025-10-30 00:42:35  0.004848             $3.26          
2025-10-30 00:46:35  0.003542             $2.38          
2025-10-30 00:50:35  0.007122             $4.79          
2025-10-30 00:54:35  0.005011             $3.37          
2025-10-30 00:58:35  0.003226             $2.17          
2025-10-30 01:02:35  0.000842             $0.57          
2025-10-30 01:06:35  0.006140             $4.13          
2025-10-30 01:10:35  0.008002             $5.38          
2025-10-30 01:14:35  0.006681             $4.49          
2025-10-30 01:18:35  0.028002             $18.85         
2025-10-30 04:31:59  1.459482             $986.16        
2025-10-30 10:59:11  1.872136             $1268.37       
2025-10-30 11:23:11  0.024448             $16.57         
2025-10-30 13:03:35  0.102832             $69.72         
2025-10-30 13:19:59  0.160516             $108.86        
2025-10-30 13:23:59  0.036888             $25.01         
2025-10-30 18:34:23  2.994946             $2006.72       
2025-10-30 18:42:23  0.010801             $7.23          
2025-10-30 18:46:23  0.006811             $4.55          
2025-10-30 18:50:23  0.004330             $2.89          
2025-10-30 18:54:23  0.005645             $3.77          
2025-10-30 18:58:35  0.004581             $3.06          
2025-10-30 19:02:35  0.001980             $1.32          
2025-10-30 19:06:35  0.007991             $5.33          
2025-10-30 19:10:35  0.005917             $3.94          
2025-10-30 19:14:35  0.004950             $3.30          
2025-10-30 19:18:35  0.005527             $3.68          
2025-10-30 19:22:35  0.003537             $2.35          
2025-10-30 19:26:35  0.006381             $4.24          
2025-10-30 19:30:35  0.005838             $3.88          
2025-10-30 19:34:35  0.002586             $1.72          
2025-10-30 19:38:47  0.006438             $4.28          
2025-10-30 19:42:47  0.005515             $3.67          
2025-10-30 19:46:47  0.004097             $2.72          
2025-10-30 19:50:47  0.017603             $11.70         
2025-10-30 19:54:47  0.022187             $14.74         
2025-10-30 21:28:11  0.373373             $248.03        
2025-10-30 21:32:11  0.020162             $13.39         
2025-10-30 21:40:11  0.016924             $11.25         
2025-10-30 21:52:35  0.136818             $90.98         
2025-10-31 07:37:47  5.773415             $3888.01       
2025-10-31 12:44:35  3.051207             $2055.05       
2025-10-31 13:49:11  0.657668             $443.63        
2025-10-31 14:33:35  0.439860             $296.71        
2025-10-31 17:50:59  1.954805             $1319.95       
2025-10-31 17:54:59  0.005952             $4.02          
2025-10-31 17:58:59  0.069468             $46.91         
2025-10-31 18:03:11  0.023836             $16.09         
2025-11-01 01:10:47  0.063535             $42.95         
2025-11-01 01:22:59  0.140999             $95.31         
2025-11-01 17:39:59  9.687290             $6548.47       
2025-11-01 22:59:35  0.041687             $28.21         
2025-11-01 23:03:35  0.005956             $4.03          
2025-11-02 02:08:23  1.841032             $1245.89       
2025-11-02 15:29:11  2.312660             $1566.76       
2025-11-02 17:01:23  0.924194             $626.12        
2025-11-02 17:09:35  0.049745             $33.70         
2025-11-02 17:17:47  0.103524             $70.13         
2025-11-02 23:35:59  3.776631             $2558.57       
2025-11-03 00:28:23  0.518117             $351.01        
2025-11-03 00:32:23  0.029892             $20.25         
2025-11-03 02:36:47  1.259431             $853.23        
2025-11-03 03:04:47  0.045933             $31.15         
2025-11-03 03:08:47  0.035967             $24.39         
2025-11-03 03:28:59  0.209941             $142.33        
2025-11-03 03:32:59  0.036041             $24.41         
2025-11-03 08:27:23  2.944663             $1977.30       
2025-11-03 16:36:47  5.032362             $3359.71       
2025-11-03 17:01:35  0.249995             $166.86        
2025-11-03 18:10:11  0.727017             $484.39        
2025-11-03 18:22:11  0.122766             $81.80         
2025-11-03 18:50:11  0.271234             $180.72        
2025-11-03 22:03:47  1.989356             $1325.45       
2025-11-04 10:15:11  7.481536             $4943.72       
2025-11-04 11:31:47  0.817208             $539.19        
2025-11-04 13:36:23  1.282420             $846.14        
2025-11-04 15:05:59  0.915975             $604.35        
2025-11-04 15:09:59  0.047322             $31.22         
2025-11-04 17:23:11  1.367671             $898.56        
2025-11-04 17:27:11  0.020685             $13.59         
2025-11-04 17:55:11  0.316912             $207.96        
2025-11-04 18:03:23  0.093396             $61.16         
2025-11-04 18:07:23  0.018745             $12.27         
2025-11-04 18:11:23  0.058432             $38.15         
2025-11-04 18:15:23  0.029316             $19.11         
2025-11-04 18:19:35  0.042037             $27.36         
2025-11-04 19:03:47  0.457209             $297.55        
2025-11-04 19:19:59  0.198370             $128.86        
2025-11-04 19:23:59  0.027511             $17.82         
2025-11-04 20:56:47  0.981241             $635.71        
2025-11-04 21:04:47  0.104059             $67.42         
2025-11-04 21:16:47  0.129533             $83.92         
2025-11-04 21:20:47  0.008502             $5.50          
2025-11-04 22:29:11  0.751952             $485.26        
2025-11-04 22:33:11  0.055595             $35.88         
2025-11-04 22:37:11  0.019297             $12.44         
2025-11-05 00:38:35  1.288755             $831.63        
2025-11-05 00:46:35  0.121881             $78.65         
2025-11-05 01:42:59  0.595961             $384.99        
2025-11-05 02:35:11  0.551123             $354.62        
2025-11-05 02:43:11  0.064354             $41.41         
2025-11-05 02:47:11  0.066519             $42.80         
2025-11-05 02:51:11  0.047213             $30.38         
2025-11-05 02:55:11  0.027899             $17.95         
2025-11-05 02:59:23  0.062244             $40.05         
2025-11-05 05:44:23  1.729350             $1120.17       
2025-11-05 06:05:11  0.247346             $160.22        
2025-11-05 11:35:23  3.490745             $2262.35       
2025-11-05 12:19:47  0.481639             $312.15        
2025-11-05 12:23:47  0.068183             $44.19         
2025-11-05 13:00:23  0.389919             $252.70        
2025-11-05 14:04:59  0.675952             $439.13        
2025-11-05 14:41:35  0.403817             $262.34        
2025-11-05 14:45:35  0.019100             $12.42         
2025-11-05 14:49:35  0.050928             $33.14         
2025-11-05 14:53:35  0.055125             $35.88         
2025-11-05 14:57:35  0.012701             $8.27          
2025-11-05 15:54:11  0.621292             $405.16        
2025-11-05 16:38:59  0.477261             $311.32        
2025-11-05 16:42:59  0.029550             $19.29         
2025-11-05 17:31:11  0.045922             $29.95         
2025-11-05 17:35:11  0.041921             $27.34         
2025-11-05 17:39:11  0.031418             $20.51         
2025-11-05 17:51:23  0.117210             $76.57         
2025-11-05 17:55:23  0.066869             $43.71         
2025-11-05 19:27:23  0.953538             $623.65        
2025-11-05 19:39:47  0.100074             $65.51         
2025-11-05 19:43:47  0.039583             $25.91         
2025-11-05 19:47:59  0.070785             $46.35         
2025-11-05 19:51:59  0.035382             $23.19         
2025-11-05 19:55:59  0.049905             $32.71         
2025-11-05 20:19:59  0.222432             $145.82        
2025-11-05 20:40:11  0.209866             $137.59        
2025-11-05 21:16:23  0.394589             $258.76        
2025-11-05 22:29:11  0.765945             $502.29        
2025-11-05 22:53:35  0.236635             $155.18        
2025-11-06 01:47:23  1.810049             $1186.98       
2025-11-06 03:23:59  1.000485             $656.09        
2025-11-06 12:27:23  5.653912             $3707.71       
2025-11-06 17:46:23  3.311004             $2153.24       
2025-11-06 17:54:23  0.077546             $50.41         
2025-11-06 20:54:59  1.889471             $1228.24       
2025-11-06 22:35:47  1.092604             $710.24        
2025-11-06 23:52:23  0.799026             $519.37        
2025-11-07 00:00:23  0.073259             $47.62         
2025-11-07 01:00:23  0.638871             $415.28        
2025-11-07 01:16:35  0.178056             $115.74        
2025-11-07 02:08:35  0.530453             $344.81        
2025-11-07 02:57:11  0.486435             $316.20        
2025-11-07 04:21:59  0.910046             $591.57        
2025-11-07 04:46:11  0.243250             $158.12        
2025-11-07 05:26:35  0.431988             $280.81        
2025-11-07 05:30:47  0.052426             $34.08         
2025-11-07 05:34:47  0.037752             $24.54         
2025-11-07 07:10:59  1.021416             $663.97        
2025-11-07 07:39:11  0.281043             $182.69        
2025-11-07 08:19:47  0.411088             $267.23        
2025-11-07 08:23:59  0.041947             $27.27         
2025-11-07 08:48:11  0.283123             $184.04        
2025-11-07 11:08:35  1.449581             $942.19        
2025-11-07 11:16:47  0.071086             $46.20         
2025-11-07 11:32:59  0.196607             $127.79        
2025-11-07 11:36:59  0.029301             $19.05         
2025-11-07 11:56:59  0.219767             $142.85        
2025-11-07 12:13:23  0.186702             $121.23        
2025-11-07 12:17:47  0.025211             $16.36         
2025-11-07 12:25:47  0.069422             $45.02         
2025-11-07 12:29:59  0.054751             $35.48         
2025-11-07 12:41:59  0.147529             $95.58         
2025-11-07 12:49:59  0.069604             $45.09         
2025-11-07 13:30:23  0.434578             $281.40        
2025-11-07 13:34:23  0.021112             $13.66         
2025-11-07 13:42:23  0.105672             $68.39         
2025-11-07 13:50:23  0.080207             $51.84         
2025-11-07 13:54:35  0.040171             $25.96         
2025-11-07 13:58:35  0.038069             $24.60         
2025-11-07 14:06:47  0.076165             $49.21         
2025-11-07 14:10:47  0.069817             $45.11         
2025-11-07 14:14:47  0.025407             $16.42         
2025-11-07 15:59:11  1.128525             $729.28        
2025-11-07 17:11:23  0.730289             $471.94        
2025-11-07 20:41:23  2.248412             $1464.67       
2025-11-07 21:01:23  0.197815             $128.98        
2025-11-07 21:05:23  0.052596             $34.30         
2025-11-07 21:13:35  0.088341             $57.61         
2025-11-07 21:17:35  0.033494             $21.85         
2025-11-07 21:37:47  0.006213             $4.05          
2025-11-07 21:41:47  0.074373             $48.56         
2025-11-07 21:45:47  0.032992             $21.56         
2025-11-07 21:49:47  0.026769             $17.50         
2025-11-07 22:53:47  0.646311             $422.53        
2025-11-07 23:09:59  0.183281             $119.92        
2025-11-07 23:17:59  0.098794             $64.64         
2025-11-07 23:45:59  0.277865             $181.81        
2025-11-07 23:53:59  0.059690             $39.05         
2025-11-07 23:57:59  0.051456             $33.67         
2025-11-08 00:01:59  0.053515             $35.01         
2025-11-08 00:09:59  0.063806             $41.75         
2025-11-08 00:17:59  0.086446             $56.56         
2025-11-08 00:21:59  0.045291             $29.63         
2025-11-08 00:50:23  0.302633             $198.01        
2025-11-08 01:06:35  0.172976             $113.18        
2025-11-08 01:14:35  0.090616             $59.29         
2025-11-08 01:22:47  0.067966             $44.47         
2025-11-08 01:26:47  0.043251             $28.30         
2025-11-08 04:00:11  1.573553             $1029.59       
2025-11-08 04:20:35  0.218326             $142.85        
2025-11-08 04:52:47  0.321374             $210.28        
2025-11-08 05:04:47  0.117423             $76.83         
2025-11-08 05:44:59  0.430556             $281.72        
2025-11-08 07:41:47  1.213335             $793.95        
2025-11-08 07:49:47  0.061996             $40.57         
2025-11-08 07:53:47  0.064191             $42.01         
2025-11-08 08:09:59  0.136755             $89.49         
2025-11-08 08:42:11  0.356457             $233.26        
2025-11-08 09:42:35  0.626317             $409.86        
2025-11-08 09:54:47  0.109917             $71.93         
2025-11-08 11:35:35  1.034880             $677.22        
2025-11-08 12:15:35  0.423082             $276.86        
2025-11-08 12:35:47  0.234354             $153.36        
2025-11-08 13:40:23  0.632559             $413.94        
2025-11-08 14:00:35  0.211548             $138.44        
2025-11-08 14:16:47  0.203245             $133.00        
2025-11-08 14:48:59  0.306956             $200.87        
2025-11-08 15:17:23  0.307167             $200.87        
2025-11-08 15:29:23  0.136994             $89.58         
2025-11-08 16:05:47  0.348711             $228.02        
2025-11-08 16:13:59  0.110008             $71.93         
2025-11-08 16:33:59  0.213789             $139.79        
2025-11-08 17:17:59  0.450447             $294.53        
2025-11-08 23:03:23  3.568291             $2333.15       
2025-11-09 00:35:47  0.977739             $639.30        
2025-11-09 00:47:47  0.114175             $74.65         
2025-11-09 03:40:11  1.806152             $1180.97       
2025-11-09 08:57:47  3.274385             $2140.84       
2025-11-09 11:18:59  1.480724             $967.96        
2025-11-09 11:26:59  0.091375             $59.73         
2025-11-09 12:11:35  0.442297             $289.13        
2025-11-09 12:19:35  0.101765             $66.52         
2025-11-09 12:47:59  0.290759             $190.07        
2025-11-09 12:51:59  0.026999             $17.65         
2025-11-09 13:07:59  0.168225             $109.97        
2025-11-09 13:28:11  0.215993             $141.20        
2025-11-09 13:40:11  0.124612             $81.46         
2025-11-09 14:08:23  0.290761             $190.07        
2025-11-09 18:33:59  0.035062             $22.92         
2025-11-09 18:37:59  0.037084             $24.25         
2025-11-09 18:57:59  0.185397             $121.22        
2025-11-09 19:05:59  0.109190             $71.40         
2025-11-09 19:09:59  0.014421             $9.43          
2025-11-09 19:17:59  0.098839             $64.66         
2025-11-09 19:33:59  0.162662             $106.42        
2025-11-09 19:37:59  0.028963             $18.95         
2025-11-09 19:45:59  0.101390             $66.33         
2025-11-09 19:49:59  0.051681             $33.86         
2025-11-09 19:54:11  0.014436             $9.46          
2025-11-09 19:58:11  0.072137             $47.31         
2025-11-09 20:02:11  0.030879             $20.27         
2025-11-09 20:06:11  0.030850             $20.25         
2025-11-09 20:34:11  0.273249             $179.54        
2025-11-09 20:50:11  0.166347             $109.34        
2025-11-09 20:54:11  0.039009             $25.64         
2025-11-09 21:02:23  0.020472             $13.46         
2025-11-09 21:06:23  0.055226             $36.33         
2025-11-09 21:34:47  0.278030             $182.90        
2025-11-09 21:58:59  0.247404             $162.75        
2025-11-09 23:14:59  0.791293             $520.55        
2025-11-09 23:18:59  0.040898             $26.90         
2025-11-09 23:35:11  0.167724             $110.34        
2025-11-09 23:39:11  0.034773             $22.88         
2025-11-09 23:59:23  0.184092             $121.10        
2025-11-10 00:07:23  0.001595             $1.05          
2025-11-10 00:11:23  0.014870             $9.79          
2025-11-10 00:15:23  0.050830             $33.47         
2025-11-10 00:19:23  0.006316             $4.16          
2025-11-10 08:50:35  5.002220             $3322.70       
2025-11-10 13:35:47  0.803255             $533.83        
2025-11-10 15:52:59  0.034232             $22.77         
2025-11-10 15:56:59  0.032255             $21.45         
2025-11-10 17:54:23  1.200337             $798.40        
2025-11-10 17:58:35  0.016139             $10.73         
2025-11-10 22:53:11  0.569648             $379.25        
2025-11-11 05:25:47  1.642828             $1095.07       
2025-11-11 05:29:47  0.038291             $25.52         
2025-11-11 05:37:47  0.060476             $40.31         
2025-11-11 05:41:47  0.042348             $28.23         
2025-11-11 05:45:47  0.040342             $26.89         
2025-11-11 05:57:47  0.115030             $76.68         
2025-11-11 06:01:47  0.044402             $29.60         
2025-11-11 06:05:59  0.056523             $37.68         
2025-11-11 06:13:59  0.092935             $61.95         
2025-11-11 06:18:11  0.016172             $10.78         
2025-11-11 06:46:11  0.089110             $59.41         
2025-11-11 07:06:11  0.000736             $0.49          
2025-11-11 07:10:11  0.011491             $7.66          
2025-11-11 08:02:23  0.454834             $302.81        
2025-11-11 18:52:59  6.689954             $4406.36       
2025-11-11 18:56:59  0.003965             $2.61          
2025-11-11 19:00:59  0.031815             $20.94         
2025-11-11 19:04:59  0.016443             $10.82         
2025-11-11 19:53:11  0.495232             $326.00        
2025-11-11 20:57:35  0.002055             $1.35          
2025-11-11 21:37:47  0.439572             $289.25        
2025-11-11 22:54:11  0.622863             $409.46        
2025-11-11 23:18:23  0.234259             $154.00        
2025-11-11 23:26:23  0.090414             $59.44         
2025-11-11 23:30:23  0.028766             $18.91         
2025-11-11 23:38:23  0.088344             $58.08         
2025-11-11 23:42:23  0.036970             $24.30         
2025-11-11 23:46:35  0.059554             $39.15         
2025-11-11 23:50:35  0.028746             $18.90         
2025-11-11 23:54:35  0.045172             $29.70         
2025-11-11 23:58:35  0.032849             $21.59         
2025-11-12 00:18:47  0.211449             $139.00        
2025-11-12 00:22:47  0.053366             $35.08         
2025-11-12 00:34:47  0.114920             $75.55         
2025-11-12 01:02:59  0.307924             $202.42        
2025-11-12 01:10:59  0.018455             $12.13         
2025-11-12 02:07:23  0.596617             $392.05        
2025-11-12 02:15:23  0.096389             $63.34         
2025-11-12 02:19:23  0.004101             $2.69          
2025-11-12 03:11:35  0.553394             $363.65        
2025-11-12 03:15:35  0.059428             $39.05         
2025-11-12 03:23:35  0.061452             $40.37         
2025-11-12 03:27:35  0.024595             $16.16         
2025-11-12 03:59:47  0.311694             $204.74        
2025-11-12 04:39:47  0.416285             $273.45        
2025-11-12 05:19:47  0.405940             $266.65        
2025-11-12 06:24:11  0.204812             $134.48        
2025-11-12 06:36:23  0.120803             $79.32         
2025-11-12 07:08:35  0.323771             $212.60        
2025-11-12 07:12:35  0.055319             $36.32         
2025-11-12 07:16:35  0.010242             $6.73          
2025-11-12 07:20:35  0.065540             $43.04         
2025-11-12 07:36:47  0.116641             $76.56         
2025-11-12 09:21:23  0.038904             $25.53         
2025-11-12 09:25:23  0.042977             $28.20         
2025-11-12 09:29:35  0.034763             $22.81         
2025-11-12 09:33:35  0.047015             $30.85         
2025-11-12 09:37:35  0.040888             $26.83         
2025-11-12 09:41:35  0.020435             $13.41         
2025-11-12 10:01:35  0.220602             $144.75        
2025-11-12 10:05:35  0.044930             $29.48         
2025-11-12 11:02:23  0.140329             $92.46         
2025-11-12 13:35:11  0.750463             $495.26        
2025-11-12 16:40:47  1.415644             $934.03        
2025-11-12 17:04:59  0.160362             $105.32        
2025-11-12 17:17:11  0.077710             $50.90         
2025-11-12 17:21:11  0.001138             $0.74          
2025-11-12 17:25:11  0.001010             $0.66          
2025-11-12 17:29:11  0.001151             $0.75          
2025-11-12 17:33:11  0.000927             $0.61          
2025-11-12 17:37:11  0.047288             $30.89         
2025-11-12 17:45:11  0.032089             $20.94         
2025-11-12 17:49:11  0.028021             $18.29         
2025-11-12 17:53:11  0.031507             $20.57         
2025-11-12 17:57:11  0.054813             $35.78         
2025-11-12 18:01:11  0.046065             $30.07         
2025-11-12 18:05:11  0.008196             $5.35          
2025-11-12 18:13:23  0.116798             $76.24         
2025-11-12 18:17:23  0.038933             $25.41         
2025-11-12 18:21:23  0.027965             $18.25         
2025-11-12 18:25:23  0.042149             $27.51         
2025-11-12 18:29:23  0.056954             $37.18         
2025-11-12 18:33:23  0.026646             $17.39         
2025-11-12 18:37:23  0.049227             $32.13         
2025-11-12 18:45:23  0.033945             $22.15         
2025-11-12 18:49:23  0.047108             $30.73         
2025-11-12 18:57:23  0.004037             $2.63          
2025-11-12 19:01:23  0.065008             $42.39         
2025-11-12 19:05:23  0.042258             $27.56         
2025-11-12 19:09:23  0.036424             $23.75         
2025-11-12 19:13:23  0.051403             $33.52         
2025-11-12 19:17:23  0.010767             $7.02          
2025-11-12 19:21:23  0.061228             $39.93         
2025-11-12 19:29:23  0.033893             $22.07         
2025-11-12 19:37:35  0.059104             $38.48         
2025-11-12 19:41:35  0.062304             $40.56         
2025-11-12 19:45:47  0.035043             $22.82         
2025-11-12 19:49:47  0.010561             $6.88          
2025-11-12 19:53:59  0.084262             $54.86         
2025-11-12 19:57:59  0.035043             $22.82         
2025-11-12 20:01:59  0.011181             $7.28          
2025-11-12 20:13:59  0.151667             $98.75         
2025-11-12 20:26:11  0.127806             $83.21         
2025-11-12 20:30:11  0.024737             $16.11         
2025-11-12 20:38:11  0.041905             $27.28         
2025-11-12 20:42:23  0.039366             $25.63         
2025-11-12 20:46:23  0.073614             $47.93         
2025-11-12 20:50:23  0.051257             $33.37         
2025-11-12 20:58:23  0.039263             $25.55         
2025-11-12 21:02:23  0.059031             $38.41         
2025-11-12 21:06:23  0.027339             $17.79         
2025-11-12 21:14:59  0.084164             $54.77         
2025-11-12 21:18:59  0.039176             $25.49         
2025-11-12 21:22:59  0.057376             $37.34         
2025-11-12 21:26:59  0.034811             $22.65         
2025-11-12 21:30:59  0.046931             $30.54         
2025-11-12 21:34:59  0.027832             $18.11         
2025-11-12 21:38:59  0.051567             $33.56         
2025-11-12 21:42:59  0.030907             $20.11         
2025-11-12 21:46:59  0.013053             $8.49          
2025-11-12 21:54:59  0.127183             $82.76         
2025-11-12 22:02:59  0.055082             $35.84         
2025-11-12 22:06:59  0.021138             $13.76         
2025-11-12 22:11:11  0.013588             $8.84          
2025-11-12 22:15:11  0.106697             $69.43         
2025-11-12 22:19:11  0.012745             $8.29          
2025-11-12 22:23:11  0.017993             $11.71         
2025-11-12 22:27:11  0.017993             $11.71         
2025-11-12 22:31:23  0.013494             $8.78          
2025-11-12 22:35:23  0.157596             $102.56        
2025-11-12 22:39:23  0.020596             $13.40         
2025-11-12 22:47:23  0.046705             $30.38         
2025-11-12 22:55:23  0.029710             $19.32         
2025-11-12 22:59:23  0.051693             $33.61         
2025-11-12 23:07:35  0.058056             $37.75         
2025-11-12 23:15:35  0.088804             $57.74         
2025-11-12 23:23:35  0.087817             $57.09         
2025-11-12 23:27:47  0.042047             $27.34         
2025-11-12 23:39:59  0.140968             $91.65         
2025-11-12 23:47:59  0.083898             $54.55         
2025-11-13 00:00:11  0.118571             $77.09         
2025-11-13 00:04:11  0.030576             $19.88         
2025-11-13 00:08:11  0.036530             $23.75         
2025-11-13 00:12:11  0.066015             $42.92         
2025-11-13 00:16:23  0.026817             $17.44         
2025-11-13 00:24:35  0.027272             $17.72         
2025-11-13 00:28:35  0.039145             $25.44         
2025-11-13 00:32:35  0.051516             $33.48         
2025-11-13 00:36:35  0.043277             $28.12         
2025-11-13 00:40:47  0.017772             $11.55         
2025-11-13 00:44:47  0.056422             $36.67         
2025-11-13 00:56:47  0.125721             $81.70         
2025-11-13 01:00:47  0.049464             $32.14         
2025-11-13 01:04:47  0.030915             $20.09         
2025-11-13 01:37:23  0.339272             $220.47        
2025-11-13 02:09:23  0.005583             $3.63          
2025-11-13 02:13:35  0.006375             $4.15          
2025-11-13 02:25:47  0.015476             $10.08         
2025-11-13 03:02:11  0.020416             $13.30         
2025-11-13 03:06:11  0.004054             $2.64          
2025-11-13 03:18:11  0.004958             $3.23          
2025-11-13 03:42:23  0.026355             $17.19         
2025-11-13 03:50:23  0.002398             $1.56          
2025-11-13 04:02:35  0.008980             $5.86          
2025-11-13 07:25:23  0.319466             $209.16        
2025-11-13 08:57:35  2.120318             $1391.52       
2025-11-13 09:05:47  0.058541             $38.42         
2025-11-13 09:29:59  0.222317             $145.90        
2025-11-13 09:58:11  0.029021             $19.05         
2025-11-13 10:02:11  0.010340             $6.79          
2025-11-13 10:06:35  0.513897             $337.36        
2025-11-13 10:10:35  0.042174             $27.69         
2025-11-13 10:14:35  0.016656             $10.93         
2025-11-13 10:18:35  0.011969             $7.86          
2025-11-13 10:30:35  0.021098             $13.85         
2025-11-13 10:42:47  0.025460             $16.71         
2025-11-13 10:50:47  0.005158             $3.39          
2025-11-13 10:54:47  0.342186             $224.70        
2025-11-13 10:58:47  0.021240             $13.95         
2025-11-13 11:22:59  0.056405             $37.04         
2025-11-13 11:30:59  0.019066             $12.52         
2025-11-13 11:34:59  0.001986             $1.30          
2025-11-13 11:38:59  0.013505             $8.87          
2025-11-13 12:38:59  0.164452             $108.02        
2025-11-13 13:06:59  0.101539             $66.71         
2025-11-13 13:10:59  0.008126             $5.34          
2025-11-13 13:47:11  0.075494             $49.60         
2025-11-13 14:19:23  0.088402             $58.10         
2025-11-13 14:23:23  0.035971             $23.64         
2025-11-13 14:27:23  0.056321             $37.01         
2025-11-13 14:31:47  0.020739             $13.63         
2025-11-13 14:35:47  0.055761             $36.65         
2025-11-13 15:03:47  0.060082             $39.49         
2025-11-13 15:36:11  0.141610             $93.07         
2025-11-13 15:40:11  0.039575             $25.99         
2025-11-13 17:00:59  0.146661             $96.02         
2025-11-13 18:02:11  0.098172             $64.00         
2025-11-13 19:02:23  1.511112             $981.60        
2025-11-13 19:34:35  0.260232             $168.13        
2025-11-13 20:18:35  0.271363             $174.85        
2025-11-13 21:06:35  0.772715             $497.89        
2025-11-13 23:16:11  1.099350             $708.34        
2025-11-14 01:29:47  0.634514             $409.13        
2025-11-14 01:33:47  0.008156             $5.26          
2025-11-14 01:41:47  0.022429             $14.46         
2025-11-14 01:53:59  1.353930             $872.98        
2025-11-14 01:57:59  0.027138             $17.50         
2025-11-14 02:01:59  0.045922             $29.61         
2025-11-14 02:05:59  0.022103             $14.25         
2025-11-14 02:14:11  0.115483             $74.46         
2025-11-14 02:18:23  0.016678             $10.75         
2025-11-14 02:38:35  0.229315             $147.86        
2025-11-14 02:42:47  0.023989             $15.47         
2025-11-14 02:58:47  0.184480             $118.95        
2025-11-14 03:02:47  0.053602             $34.56         
2025-11-14 03:06:47  0.048547             $31.30         
2025-11-14 03:10:47  0.029185             $18.82         
2025-11-14 03:14:47  0.051606             $33.27         
2025-11-14 03:18:59  0.035949             $23.18         
2025-11-14 03:22:59  0.033355             $21.51         
2025-11-14 03:26:59  0.060456             $38.98         
2025-11-14 03:31:11  0.014593             $9.41          
2025-11-14 03:35:11  0.062540             $40.32         
2025-11-14 03:39:11  0.035440             $22.85         
2025-11-14 03:51:11  0.125081             $80.65         
2025-11-14 03:55:11  0.029186             $18.82         
2025-11-14 03:59:11  0.037524             $24.19         
2025-11-14 04:07:11  0.095895             $61.83         
2025-11-14 04:11:11  0.060456             $38.98         
2025-11-14 04:15:11  0.025016             $16.13         
2025-11-14 04:27:11  0.116742             $75.27         
2025-11-14 04:31:11  0.055919             $36.06         
2025-11-14 04:35:11  0.046233             $29.81         
2025-11-14 04:39:23  0.047951             $30.92         
2025-11-14 04:43:23  0.018763             $12.10         
2025-11-14 04:51:23  0.089648             $57.80         
2025-11-14 04:59:23  0.072573             $46.79         
2025-11-14 05:03:35  0.041471             $26.74         
2025-11-14 05:11:35  0.037840             $24.39         
2025-11-14 05:15:35  0.113995             $73.48         
2025-11-14 05:27:35  0.093787             $60.45         
2025-11-14 05:39:59  0.159341             $102.30        
2025-11-14 05:51:59  0.104899             $67.24         
2025-11-14 06:11:59  0.193343             $123.94        
2025-11-14 06:19:59  0.109013             $69.88         
2025-11-14 06:23:59  0.014023             $8.99          
2025-11-14 06:40:11  0.198032             $126.95        
2025-11-14 06:52:11  0.098935             $63.42         
2025-11-14 07:00:11  0.074201             $47.57         
2025-11-14 07:08:11  0.092752             $59.46         
2025-11-14 07:16:11  0.072506             $46.47         
2025-11-14 07:20:11  0.065625             $42.06         
2025-11-14 07:24:11  0.036261             $23.23         
2025-11-14 07:28:11  0.044532             $28.52         
2025-11-14 07:36:11  0.063764             $40.82         
2025-11-14 07:40:11  0.056805             $36.36         
2025-11-14 07:44:11  0.014892             $9.53          
2025-11-14 07:48:23  0.080776             $51.61         
2025-11-14 07:52:35  0.013052             $8.33          
2025-11-14 07:56:47  0.045145             $28.83         
2025-11-14 08:00:47  0.025282             $16.15         
2025-11-14 08:04:59  0.082332             $52.59         
2025-11-14 08:08:59  0.039032             $24.94         
2025-11-14 08:12:59  0.053983             $34.49         
2025-11-14 08:24:59  0.110105             $70.34         
2025-11-14 08:28:59  0.025409             $16.23         
2025-11-14 08:36:59  0.105870             $67.64         
2025-11-14 08:40:59  0.052935             $33.82         
2025-11-14 08:53:11  0.131280             $83.87         
2025-11-14 08:57:11  0.006352             $4.06          
2025-11-14 09:05:11  0.116454             $74.40         
2025-11-14 09:09:11  0.011390             $7.28          
2025-11-14 09:13:11  0.071188             $45.48         
2025-11-14 09:17:11  0.038113             $24.35         
2025-11-14 09:21:11  0.015198             $9.71          
2025-11-14 09:29:11  0.124560             $79.58         
2025-11-14 09:33:11  0.038117             $24.35         
2025-11-14 09:49:23  0.135526             $86.59         
2025-11-14 09:53:23  0.068479             $43.75         
2025-11-14 09:57:23  0.050112             $32.02         
2025-11-14 10:13:35  0.144015             $92.01         
2025-11-14 10:33:35  0.243556             $155.60        
2025-11-14 11:26:11  0.559121             $357.22        
2025-11-14 11:42:11  0.158842             $101.48        
2025-11-14 11:54:23  0.101659             $64.95         
2025-11-14 12:22:47  0.292074             $186.59        
2025-11-14 12:30:59  0.072621             $46.38         
2025-11-14 12:34:59  0.086411             $55.14         
2025-11-14 12:38:59  0.052557             $33.49         
2025-11-14 12:42:59  0.028525             $18.17         
2025-11-14 12:50:59  0.076292             $48.60         
2025-11-14 12:54:59  0.066391             $42.25         
2025-11-14 12:58:59  0.044303             $28.19         
2025-11-14 13:06:59  0.046160             $29.38         
2025-11-14 13:14:59  0.126814             $80.65         
2025-11-14 13:22:59  0.057495             $36.55         
2025-11-14 13:34:59  0.159388             $101.21        
2025-11-14 13:38:59  0.029041             $18.42         
2025-11-14 13:42:59  0.053573             $33.92         
2025-11-14 14:10:59  0.028302             $17.91         
-------------------------------------------------------
Total USD Value                           $135123.86
fxswaps_path: /home/m/dev/curve/on-chain-for-mk/config/fxswaps.json
Loaded 12 pools from fxswaps.json
Found 6051 donation_shares entries
Found 6051 user_supply entries
Found 6051 totalSupply entries
Found 6051 balance_0 entries
Found 6051 balance_1 entries
Found 6051 last_prices entries
Found 6051 fee entries
Full plot: 16.93 days, width: 5604 px (142.3 cm)
Time range: 2025-10-28 16:01:23 to 2025-11-14 14:19:11
Chart saved to: plots/ethereum/YBcrvUSD_tBTC_secondary_refuel_analysis.png (5604 x 2362 px)

=== Summary Statistics ===

donation_shares (absolute):
  Min: 80.450401
  Max: 127.307604
  Mean: 97.891618
  Latest: 109.036139

user_supply (absolute):
  Min: 146446.480296
  Max: 155203.336132
  Mean: 151615.129215
  Latest: 155200.445656

totalSupply (absolute):
  Min: 146542.816666
  Max: 155312.343968
  Mean: 151713.020833
  Latest: 155309.481794

balance_0 (USDC) - absolute:
  Min: 35313613.01
  Max: 54107177.62
  Mean: 47434286.01
  Latest: 38164519.63

balance_1 (WETH) - absolute:
  Min: 439.245527
  Max: 626.747187
  Mean: 505.592810
  Latest: 626.738102

USD Values:
  balance_0 (USDC) USD - Min: $35313613.01
  balance_0 (USDC) USD - Max: $54107177.62
  balance_0 (USDC) USD - Mean: $47434286.01
  balance_0 (USDC) USD - Latest: $38164519.63
  balance_1 (WETH) USD - Min: $48100214.66
  balance_1 (WETH) USD - Max: $62539147.87
  balance_1 (WETH) USD - Mean: $53130496.38
  balance_1 (WETH) USD - Latest: $60139024.14
  Total USD - Min: $95777759.84
  Total USD - Max: $104506049.78
  Total USD - Mean: $100564782.39
  Total USD - Latest: $98303543.76

USD Ratio (USDC/WETH):
  Min: 0.5650
  Max: 1.1174
  Mean: 0.9051
  Latest: 0.6346

fee (absolute):
  Min: 0.00000000
  Max: 0.00000000
  Mean: 0.00000000
  Latest: 0.00000000
